// Jest Snapshot v1, https://goo.gl/fbAQLP

exports[`<SavingGoalPlan /> matches snapshot 1`] = `
<body>
  <div>
    <span
      class="sc-htpNat daZEoS"
    >
      Let's plan your 
      <strong>
        saving goal.
      </strong>
    </span>
    <div
      class="sc-gzVnrw fGSdvJ"
    >
      <img
        alt="House"
        class="sc-htoDjs jMUYuv"
        src="test"
      />
      <span
        class="sc-dnqmqq fvEnnj"
      >
        Buy a house
      </span>
      <span
        class="sc-iwsKbI hNxSrM"
      >
        Saving Goal
      </span>
      <div
        class="sc-bxivhb eJipY"
      >
        <div
          class="sc-ifAKCX izZOEs"
        >
          <label
            class="sc-EHOje hUHzcE"
          >
            Total amount
          </label>
          <div
            class="sc-kAzzGY dwKwlG"
          >
            <span
              class="sc-chPdSV cOkIhq"
            >
              $
            </span>
          </div>
          <input
            class="sc-kgoBCf iimgFU"
            data-testid="currency-input"
            value="25,000"
          />
        </div>
        <div
          class="sc-ifAKCX izZOEs"
        >
          <label
            class="sc-EHOje hUHzcE"
          >
            Reach goal by
          </label>
          <button
            aria-label="Previous month"
            class="sc-kGXeez sc-dxgOiQ jFReEj"
          >
            <span
              class="sc-kpOJdX sc-ckVGcZ gdxucB"
            />
          </button>
          <div
            class="sc-jKJlTe gXWYqv"
          >
            <span
              class="sc-eNQAEJ ikCAM"
            >
              November
            </span>
            <span
              class="sc-hMqMXs ksCQLw"
            >
              2020
            </span>
          </div>
          <button
            aria-label="Next month"
            class="sc-kGXeez sc-kEYyzF iLBVsB"
          >
            <span
              class="sc-kpOJdX sc-kkGfuU hjcLjk"
            />
          </button>
        </div>
      </div>
      <div
        class="sc-gqjmRU cQXHhO"
      >
        <div
          class="sc-VigVT eDwNiB"
        >
          <span
            class="sc-jTzLTM hSYWOl desktop"
          >
            Monthly amount
          </span>
          <span
            class="sc-jTzLTM hSYWOl mobile"
          >
            Monthly
          </span>
          <span
            class="sc-fjdhpX FSNEz"
          >
            $25,000
          </span>
        </div>
        <div
          class="sc-jzJRlG jXrHei"
        >
          <label
            class="sc-cSHVUG fNKUAH"
          >
            You're planning 
            <span>
              <strong>
                1 monthly deposit
              </strong>
            </span>
             to reach your 
            <strong>
              $25,000
            </strong>
             goal by 
            <strong>
              November 2020.
            </strong>
          </label>
        </div>
      </div>
      <button
        class="sc-bZQynM sc-gZMcBi dNYqZl"
      >
        Confirm
      </button>
    </div>
  </div>
</body>
`;
